src/policy/minimax.cpp:1256:_ZNSt3__113unordered_mapINS_12basic_stringIcNS_11char_traitsIcEENS_9allocatorIcEEEENS_4pairINS7_ImmEES8_EENS_4hashIS6_EENS_8equal_toIS6_EENS4_INS7_IKS6_S9_EEEEED1B8ue170006Ev	48	static
src/policy/minimax.cpp:500:_ZNSt3__16vectorI7TTEntryNS_9allocatorIS1_EEED1B8ue170006Ev	32	static
src/policy/minimax.cpp:40:_ZN7MiniMax12clear_tablesEv	16	static
src/policy/minimax.cpp:49:_ZN7MiniMax8eval_ctxEP5StateiiiR11GameHistoryiR13SearchContextRK8MMParamsb	336	static
src/policy/minimax.cpp:229:_ZN7MiniMax10quiescenceEP5StateiiiR13SearchContextRK8MMParams	144	static
src/policy/minimax.cpp:13:_ZN11GameHistory3popEy	48	static
src/policy/minimax.cpp:314:_ZN7MiniMax6searchEP5StateiR11GameHistoryR13SearchContext	384	static
src/policy/minimax.cpp:12:_ZN8MMParams8from_mapERKNSt3__13mapINS0_12basic_stringIcNS0_11char_traitsIcEENS0_9allocatorIcEEEES7_NS0_4lessIS7_EENS5_INS0_4pairIKS7_S7_EEEEEE	80	static
src/policy/minimax.cpp:421:_ZN7MiniMax14default_paramsEv	224	static
src/policy/minimax.cpp:81:_ZNSt3__14pairIKNS_12basic_stringIcNS_11char_traitsIcEENS_9allocatorIcEEEES6_ED1Ev	32	static
src/policy/minimax.cpp:429:_ZN7MiniMax10param_defsEv	256	static
src/policy/minimax.cpp:19:_ZN8ParamDefD1Ev	32	static
src/policy/minimax.cpp:__clang_call_terminate	16	static
src/policy/minimax.cpp:258:_ZNSt3__120__throw_length_errorB8ue170006EPKc	32	static
src/policy/minimax.cpp:155:_ZNSt12length_errorC1B8ue170006EPKc	16	static
src/policy/minimax.cpp:176:_ZSt28__throw_bad_array_new_lengthB8ue170006v	16	static
src/policy/minimax.cpp:1822:_ZNSt3__112__hash_tableINS_17__hash_value_typeIyiEENS_22__unordered_map_hasherIyS2_NS_4hashIyEENS_8equal_toIyEELb1EEENS_21__unordered_map_equalIyS2_S7_S5_Lb1EEENS_9allocatorIS2_EEE25__emplace_unique_key_argsIyJRKNS_21piecewise_construct_tENS_5tupleIJRKyEEENSI_IJEEEEEENS_4pairINS_15__hash_iteratorIPNS_11__hash_nodeIS2_PvEEEEbEERKT_DpOT0_	64	static
src/policy/minimax.cpp:2078:_ZNSt3__112__hash_tableINS_17__hash_value_typeIyiEENS_22__unordered_map_hasherIyS2_NS_4hashIyEENS_8equal_toIyEELb1EEENS_21__unordered_map_equalIyS2_S7_S5_Lb1EEENS_9allocatorIS2_EEE11__do_rehashILb1EEEvm	32	static
src/policy/minimax.cpp:2281:_ZNSt3__112__hash_tableINS_17__hash_value_typeIyiEENS_22__unordered_map_hasherIyS2_NS_4hashIyEENS_8equal_toIyEELb1EEENS_21__unordered_map_equalIyS2_S7_S5_Lb1EEENS_9allocatorIS2_EEE6removeENS_21__hash_const_iteratorIPNS_11__hash_nodeIS2_PvEEEE	0	static
src/policy/minimax.cpp:719:_ZNSt3__111__introsortINS_17_ClassicAlgPolicyERZN7MiniMax8eval_ctxEP5StateiiiR11GameHistoryiR13SearchContextRK8MMParamsbE3$_0PNS_4pairINSE_ImmEESF_EELb0EEEvT1_SI_T0_NS_15iterator_traitsISI_E15difference_typeEb	160	static
src/policy/minimax.cpp:138:_ZZN7MiniMax8eval_ctxEP5StateiiiR11GameHistoryiR13SearchContextRK8MMParamsbENK3$_0clERKNSt3__14pairINSB_ImmEESC_EESF_	80	static
src/policy/minimax.cpp:230:_ZNSt3__124__sort5_maybe_branchlessB8ue170006INS_17_ClassicAlgPolicyERZN7MiniMax8eval_ctxEP5StateiiiR11GameHistoryiR13SearchContextRK8MMParamsbE3$_0PNS_4pairINSE_ImmEESF_EEEENS_9enable_ifIXntsr21__use_branchless_sortIT0_T1_EE5valueEvE4typeESK_SK_SK_SK_SK_SJ_	64	static
src/policy/minimax.cpp:48:_ZNSt3__17__sort3B8ue170006INS_17_ClassicAlgPolicyERZN7MiniMax8eval_ctxEP5StateiiiR11GameHistoryiR13SearchContextRK8MMParamsbE3$_0PNS_4pairINSE_ImmEESF_EEEEjT1_SI_SI_T0_	64	static
src/policy/minimax.cpp:309:_ZNSt3__127__insertion_sort_incompleteB8ue170006INS_17_ClassicAlgPolicyERZN7MiniMax8eval_ctxEP5StateiiiR11GameHistoryiR13SearchContextRK8MMParamsbE3$_0PNS_4pairINSE_ImmEESF_EEEEbT1_SI_T0_	112	static
src/policy/minimax.cpp:87:_ZNSt3__17__sort4B8ue170006INS_17_ClassicAlgPolicyERZN7MiniMax8eval_ctxEP5StateiiiR11GameHistoryiR13SearchContextRK8MMParamsbE3$_0PNS_4pairINSE_ImmEESF_EEEEvT1_SI_SI_SI_T0_	64	static
src/policy/minimax.cpp:719:_ZNSt3__111__introsortINS_17_ClassicAlgPolicyERZN7MiniMax10quiescenceEP5StateiiiR13SearchContextRK8MMParamsE3$_1PNS_4pairINSC_ImmEESD_EELb0EEEvT1_SG_T0_NS_15iterator_traitsISG_E15difference_typeEb	208	static
src/policy/minimax.cpp:230:_ZNSt3__124__sort5_maybe_branchlessB8ue170006INS_17_ClassicAlgPolicyERZN7MiniMax10quiescenceEP5StateiiiR13SearchContextRK8MMParamsE3$_1PNS_4pairINSC_ImmEESD_EEEENS_9enable_ifIXntsr21__use_branchless_sortIT0_T1_EE5valueEvE4typeESI_SI_SI_SI_SI_SH_	112	static
src/policy/minimax.cpp:48:_ZNSt3__17__sort3B8ue170006INS_17_ClassicAlgPolicyERZN7MiniMax10quiescenceEP5StateiiiR13SearchContextRK8MMParamsE3$_1PNS_4pairINSC_ImmEESD_EEEEjT1_SG_SG_T0_	160	static
src/policy/minimax.cpp:309:_ZNSt3__127__insertion_sort_incompleteB8ue170006INS_17_ClassicAlgPolicyERZN7MiniMax10quiescenceEP5StateiiiR13SearchContextRK8MMParamsE3$_1PNS_4pairINSC_ImmEESD_EEEEbT1_SG_T0_	144	static
src/policy/minimax.cpp:87:_ZNSt3__17__sort4B8ue170006INS_17_ClassicAlgPolicyERZN7MiniMax10quiescenceEP5StateiiiR13SearchContextRK8MMParamsE3$_1PNS_4pairINSC_ImmEESD_EEEEvT1_SG_SG_SG_T0_	96	static
src/policy/minimax.cpp:2485:_ZNKSt3__16__treeINS_12__value_typeINS_12basic_stringIcNS_11char_traitsIcEENS_9allocatorIcEEEES7_EENS_19__map_value_compareIS7_S8_NS_4lessIS7_EELb1EEENS5_IS8_EEE4findIS7_EENS_21__tree_const_iteratorIS8_PNS_11__tree_nodeIS8_PvEElEERKT_	64	static
src/policy/minimax.cpp:1822:_ZNSt3__112__hash_tableINS_17__hash_value_typeINS_12basic_stringIcNS_11char_traitsIcEENS_9allocatorIcEEEENS_4pairINS8_ImmEES9_EEEENS_22__unordered_map_hasherIS7_SB_NS_4hashIS7_EENS_8equal_toIS7_EELb1EEENS_21__unordered_map_equalIS7_SB_SG_SE_Lb1EEENS5_ISB_EEE25__emplace_unique_key_argsIS7_JRKNS_21piecewise_construct_tENS_5tupleIJOS7_EEENSQ_IJEEEEEENS8_INS_15__hash_iteratorIPNS_11__hash_nodeISB_PvEEEEbEERKT_DpOT0_	128	static
src/policy/minimax.cpp:266:_ZNSt3__110unique_ptrINS_11__hash_nodeINS_17__hash_value_typeINS_12basic_stringIcNS_11char_traitsIcEENS_9allocatorIcEEEENS_4pairINS9_ImmEESA_EEEEPvEENS_22__hash_node_destructorINS6_ISE_EEEEED1B8ue170006Ev	32	static
src/policy/minimax.cpp:96:_ZNKSt3__121__murmur2_or_cityhashImLm64EEclB8ue170006EPKvm	0	static
src/policy/minimax.cpp:2078:_ZNSt3__112__hash_tableINS_17__hash_value_typeINS_12basic_stringIcNS_11char_traitsIcEENS_9allocatorIcEEEENS_4pairINS8_ImmEES9_EEEENS_22__unordered_map_hasherIS7_SB_NS_4hashIS7_EENS_8equal_toIS7_EELb1EEENS_21__unordered_map_equalIS7_SB_SG_SE_Lb1EEENS5_ISB_EEE11__do_rehashILb1EEEvm	32	static
src/policy/minimax.cpp:2045:_ZNKSt3__112basic_stringIcNS_11char_traitsIcEENS_9allocatorIcEEE20__throw_length_errorB8ue170006Ev	16	static
src/policy/minimax.cpp:1449:_ZNSt3__16vectorINS_4pairINS1_ImmEES2_EENS_9allocatorIS3_EEE18__assign_with_sizeB8ue170006IPKS3_S9_EEvT_T0_l	64	static
src/policy/minimax.cpp:962:_ZNKSt3__16vectorINS_4pairINS1_ImmEES2_EENS_9allocatorIS3_EEE20__throw_length_errorB8ue170006Ev	16	static
src/policy/minimax.cpp:719:_ZNSt3__111__introsortINS_17_ClassicAlgPolicyERZN7MiniMax6searchEP5StateiR11GameHistoryR13SearchContextE3$_2PNS_4pairINSB_ImmEESC_EELb0EEEvT1_SF_T0_NS_15iterator_traitsISF_E15difference_typeEb	160	static
src/policy/minimax.cpp:358:_ZZN7MiniMax6searchEP5StateiR11GameHistoryR13SearchContextENK3$_2clERKNSt3__14pairINS8_ImmEES9_EESC_	80	static
src/policy/minimax.cpp:230:_ZNSt3__124__sort5_maybe_branchlessB8ue170006INS_17_ClassicAlgPolicyERZN7MiniMax6searchEP5StateiR11GameHistoryR13SearchContextE3$_2PNS_4pairINSB_ImmEESC_EEEENS_9enable_ifIXntsr21__use_branchless_sortIT0_T1_EE5valueEvE4typeESH_SH_SH_SH_SH_SG_	64	static
src/policy/minimax.cpp:48:_ZNSt3__17__sort3B8ue170006INS_17_ClassicAlgPolicyERZN7MiniMax6searchEP5StateiR11GameHistoryR13SearchContextE3$_2PNS_4pairINSB_ImmEESC_EEEEjT1_SF_SF_T0_	64	static
src/policy/minimax.cpp:309:_ZNSt3__127__insertion_sort_incompleteB8ue170006INS_17_ClassicAlgPolicyERZN7MiniMax6searchEP5StateiR11GameHistoryR13SearchContextE3$_2PNS_4pairINSB_ImmEESC_EEEEbT1_SF_T0_	112	static
src/policy/minimax.cpp:87:_ZNSt3__17__sort4B8ue170006INS_17_ClassicAlgPolicyERZN7MiniMax6searchEP5StateiR11GameHistoryR13SearchContextE3$_2PNS_4pairINSB_ImmEESC_EEEEvT1_SF_SF_SF_T0_	64	static
src/policy/minimax.cpp:225:_ZNSt3__14pairIKNS_12basic_stringIcNS_11char_traitsIcEENS_9allocatorIcEEEES6_EC2B8ue170006IRA10_KcRA5_SA_LPv0EEEOT_OT0_	80	static
src/policy/minimax.cpp:225:_ZNSt3__14pairIKNS_12basic_stringIcNS_11char_traitsIcEENS_9allocatorIcEEEES6_EC2B8ue170006IRA16_KcRA5_SA_LPv0EEEOT_OT0_	80	static
src/policy/minimax.cpp:225:_ZNSt3__14pairIKNS_12basic_stringIcNS_11char_traitsIcEENS_9allocatorIcEEEES6_EC2B8ue170006IRA14_KcRA5_SA_LPv0EEEOT_OT0_	80	static
src/policy/minimax.cpp:1334:_ZNSt3__16vectorI8ParamDefNS_9allocatorIS1_EEEC2B8ue170006ESt16initializer_listIS1_E	80	static
src/policy/minimax.cpp:84:_ZNSt3__128__exception_guard_exceptionsINS_6vectorI8ParamDefNS_9allocatorIS2_EEE16__destroy_vectorEED1B8ue170006Ev	64	static
src/policy/minimax.cpp:962:_ZNKSt3__16vectorI8ParamDefNS_9allocatorIS1_EEE20__throw_length_errorB8ue170006Ev	16	static
src/policy/minimax.cpp:19:_ZN8ParamDefC2ERKS_	64	static
src/policy/minimax.cpp:2134:_ZNSt3__112__hash_tableINS_17__hash_value_typeINS_12basic_stringIcNS_11char_traitsIcEENS_9allocatorIcEEEENS_4pairINS8_ImmEES9_EEEENS_22__unordered_map_hasherIS7_SB_NS_4hashIS7_EENS_8equal_toIS7_EELb1EEENS_21__unordered_map_equalIS7_SB_SG_SE_Lb1EEENS5_ISB_EEE4findIS7_EENS_15__hash_iteratorIPNS_11__hash_nodeISB_PvEEEERKT_	80	static
src/policy/minimax.cpp:1822:_ZNSt3__112__hash_tableINS_17__hash_value_typeINS_12basic_stringIcNS_11char_traitsIcEENS_9allocatorIcEEEENS_4pairINS8_ImmEES9_EEEENS_22__unordered_map_hasherIS7_SB_NS_4hashIS7_EENS_8equal_toIS7_EELb1EEENS_21__unordered_map_equalIS7_SB_SG_SE_Lb1EEENS5_ISB_EEE25__emplace_unique_key_argsIS7_JRKNS_21piecewise_construct_tENS_5tupleIJRKS7_EEENSQ_IJEEEEEENS8_INS_15__hash_iteratorIPNS_11__hash_nodeISB_PvEEEEbEERKT_DpOT0_	128	static
src/policy/minimax.cpp:2117:_ZNSt3__16__treeINS_12__value_typeINS_12basic_stringIcNS_11char_traitsIcEENS_9allocatorIcEEEES7_EENS_19__map_value_compareIS7_S8_NS_4lessIS7_EELb1EEENS5_IS8_EEE30__emplace_hint_unique_key_argsIS7_JRKNS_4pairIKS7_S7_EEEEENSG_INS_15__tree_iteratorIS8_PNS_11__tree_nodeIS8_PvEElEEbEENS_21__tree_const_iteratorIS8_SP_lEERKT_DpOT0_	64	static
src/policy/minimax.cpp:2026:_ZNSt3__16__treeINS_12__value_typeINS_12basic_stringIcNS_11char_traitsIcEENS_9allocatorIcEEEES7_EENS_19__map_value_compareIS7_S8_NS_4lessIS7_EELb1EEENS5_IS8_EEE12__find_equalIS7_EERPNS_16__tree_node_baseIPvEENS_21__tree_const_iteratorIS8_PNS_11__tree_nodeIS8_SH_EElEERPNS_15__tree_end_nodeISJ_EESK_RKT_	112	static
src/policy/minimax.cpp:92:_ZNSt3__14pairIKNS_12basic_stringIcNS_11char_traitsIcEENS_9allocatorIcEEEES6_EC2B8ue170006ERKS8_	64	static
src/policy/minimax.cpp:305:_ZNSt3__127__tree_balance_after_insertB8ue170006IPNS_16__tree_node_baseIPvEEEEvT_S5_	0	static
src/policy/minimax.cpp:1804:_ZNSt3__16__treeINS_12__value_typeINS_12basic_stringIcNS_11char_traitsIcEENS_9allocatorIcEEEES7_EENS_19__map_value_compareIS7_S8_NS_4lessIS7_EELb1EEENS5_IS8_EEE7destroyEPNS_11__tree_nodeIS8_PvEE	32	static
src/policy/minimax.cpp:0:_GLOBAL__sub_I_minimax.cpp	32	static
src/policy/minimax.cpp:0:_ZNSt3__16vectorI8ParamDefNS_9allocatorIS1_EEEC2B8ue170006ESt16initializer_listIS1_E.cold.1	48	static
