src/games/minichess/state.cpp:94:_ZN5State8evaluateEbbPK11GameHistory	144	static
src/games/minichess/state.cpp:223:_ZNK5State17compute_hash_fullEv	32	static
src/games/minichess/state.cpp:205:_ZL12init_zobristv	0	static
src/games/minichess/state.cpp:251:_ZN5State10next_stateERKNSt3__14pairINS1_ImmEES2_EE	176	static
src/games/minichess/state.cpp:319:_ZN5State23get_legal_actions_naiveEv	208	static
src/games/minichess/state.cpp:555:_ZN5State26get_legal_actions_bitboardEv	432	static
src/games/minichess/state.cpp:695:_ZN5State17get_legal_actionsEv	0	static
src/games/minichess/state.cpp:713:_ZNK5State13encode_outputEv	432	static
src/games/minichess/state.cpp:1093:_ZNSt3__118basic_stringstreamIcNS_11char_traitsIcEENS_9allocatorIcEEEC1B8ue170006Ev	96	static
src/games/minichess/state.cpp:1197:_ZNSt3__118basic_stringstreamIcNS_11char_traitsIcEENS_9allocatorIcEEED1Ev	48	static
src/games/minichess/state.cpp:738:_ZN5State12encode_stateEv	384	static
src/games/minichess/state.cpp:756:_ZNK5State17create_null_stateEv	32	static
src/games/minichess/state.cpp:767:_ZNK5State12encode_boardEv	96	static
src/games/minichess/state.cpp:788:_ZN5State12decode_boardERKNSt3__112basic_stringIcNS0_11char_traitsIcEENS0_9allocatorIcEEEEi	0	static
src/games/minichess/state.cpp:830:_ZNK5State12cell_displayEii	96	static
src/games/minichess/state.cpp:845:_ZNK5State16check_repetitionERK11GameHistoryRi	32	static
src/games/minichess/state.cpp:31:_ZN5StateD1Ev	32	static
src/games/minichess/state.cpp:31:_ZN5StateD0Ev	32	static
src/games/minichess/state.cpp:44:_ZNK9BaseState21same_player_as_parentEv	0	static
src/games/minichess/state.cpp:79:_ZNK5State7board_hEv	0	static
src/games/minichess/state.cpp:80:_ZNK5State7board_wEv	0	static
src/games/minichess/state.cpp:81:_ZNK5State9game_nameEv	0	static
src/games/minichess/state.cpp:62:_ZNK5State8piece_atEiii	0	static
src/games/minichess/state.cpp:65:_ZNK5State4hashEv	32	static
src/games/minichess/state.cpp:72:_ZNK9BaseState10hand_countEii	0	static
src/games/minichess/state.cpp:73:_ZNK9BaseState14num_hand_typesEv	0	static
src/games/minichess/state.cpp:28:_ZN9BaseStateD1Ev	0	static
src/games/minichess/state.cpp:28:_ZN9BaseStateD0Ev	0	static
src/games/minichess/state.cpp:55:_ZNK9BaseState16check_repetitionERK11GameHistoryRi	0	static
src/games/minichess/state.cpp:60:_ZNK9BaseState17create_null_stateEv	0	static
src/games/minichess/state.cpp:63:_ZNK9BaseState8piece_atEiii	0	static
src/games/minichess/state.cpp:66:_ZNK9BaseState4hashEv	0	static
src/games/minichess/state.cpp:69:_ZNK9BaseState12cell_displayEii	0	static
src/games/minichess/state.cpp:__clang_call_terminate	16	static
src/games/minichess/state.cpp:962:_ZNKSt3__16vectorINS_4pairINS1_ImmEES2_EENS_9allocatorIS3_EEE20__throw_length_errorB8ue170006Ev	16	static
src/games/minichess/state.cpp:258:_ZNSt3__120__throw_length_errorB8ue170006EPKc	32	static
src/games/minichess/state.cpp:155:_ZNSt12length_errorC1B8ue170006EPKc	16	static
src/games/minichess/state.cpp:176:_ZSt28__throw_bad_array_new_lengthB8ue170006v	16	static
src/games/minichess/state.cpp:1449:_ZNSt3__16vectorINS_4pairINS1_ImmEES2_EENS_9allocatorIS3_EEE18__assign_with_sizeB8ue170006IPS3_S8_EEvT_T0_l	64	static
src/games/minichess/state.cpp:2045:_ZNKSt3__112basic_stringIcNS_11char_traitsIcEENS_9allocatorIcEEE20__throw_length_errorB8ue170006Ev	16	static
src/games/minichess/state.cpp:759:_ZNSt3__124__put_character_sequenceB8ue170006IcNS_11char_traitsIcEEEERNS_13basic_ostreamIT_T0_EES7_PKS4_m	112	static
src/games/minichess/state.cpp:1415:_ZNSt3__116__pad_and_outputB8ue170006IcNS_11char_traitsIcEEEENS_19ostreambuf_iteratorIT_T0_EES6_PKS4_S8_S8_RNS_8ios_baseES4_	112	static
